0
2
1
0
3
9
0
4
8
0
5
4
0
6
7
0
7
6
1
0
6
1
4
5
1
5
7
2
0
8
2
2
7
2
4
1
3
0
9
3
1
6
3
3
3
3
5
8
3
6
1
3
8
5
4
0
1
4
1
8
4
2
5
4
4
2
4
7
7
4
8
3
5
0
3
5
6
2
5
8
8
6
0
2
6
1
1
6
7
3
6
8
6
7
3
1
7
8
4
8
1
9
8
2
6
8
5
2
8
6
5
8
7
1